0,12
5,37
10,9
15,7
20,4
25,1
30,2
35,1
40,0
45,7
50,3
55,1
60,0
65,1
70,0
75,0
80,0
85,0
90,0
95,0
100,0
105,0
110,0
115,1
120,1
0,0
10,2
20,2
30,0
40,0
50,0
60,0
70,0
80,0
90,0
100,0
110,0
120,0
130,0
140,0
150,1
160,0
170,0
180,1
190,0
200,0
210,0
220,0
230,0
240,1
